<?xml version="1.0" encoding="UTF-8"?>
<testng-results ignored="12" total="15" passed="3" failed="0" skipped="0">
  <reporter-output>
  </reporter-output>
  <suite started-at="2024-05-29T13:58:45 IST" name="Gradle suite" finished-at="2024-05-29T13:59:04 IST" duration-ms="19496">
    <groups>
    </groups>
    <test started-at="2024-05-29T13:58:45 IST" name="Gradle test" finished-at="2024-05-29T13:59:04 IST" duration-ms="19496">
      <class name="qtriptest.tests.testCase_01">
        <test-method is-config="true" signature="createDriver()[pri:0, instance:qtriptest.tests.testCase_01@201a4587]" started-at="2024-05-29T13:58:42 IST" name="createDriver" finished-at="2024-05-29T13:58:45 IST" duration-ms="2469" status="PASS">
          <reporter-output>
          </reporter-output>
        </test-method> <!-- createDriver -->
        <test-method is-config="true" signature="getWebDriverWait()[pri:0, instance:qtriptest.tests.testCase_01@201a4587]" started-at="2024-05-29T13:58:45 IST" name="getWebDriverWait" finished-at="2024-05-29T13:58:45 IST" duration-ms="5" status="PASS">
          <reporter-output>
          </reporter-output>
        </test-method> <!-- getWebDriverWait -->
        <test-method is-config="true" signature="launchURL()[pri:0, instance:qtriptest.tests.testCase_01@201a4587]" started-at="2024-05-29T13:58:47 IST" name="launchURL" finished-at="2024-05-29T13:58:47 IST" duration-ms="451" status="PASS">
          <reporter-output>
          </reporter-output>
        </test-method> <!-- launchURL -->
        <test-method signature="TestCase01(java.lang.String,java.lang.String)[pri:0, instance:qtriptest.tests.testCase_01@201a4587]" started-at="2024-05-29T13:58:47 IST" name="TestCase01" data-provider="getdata" finished-at="2024-05-29T13:58:53 IST" duration-ms="6291" status="PASS">
          <params>
            <param index="0">
              <value>
                <![CDATA[testuser@gmail.com]]>
              </value>
            </param>
            <param index="1">
              <value>
                <![CDATA[abc@123]]>
              </value>
            </param>
          </params>
          <reporter-output>
          </reporter-output>
        </test-method> <!-- TestCase01 -->
        <test-method is-config="true" signature="launchURL()[pri:0, instance:qtriptest.tests.testCase_01@201a4587]" started-at="2024-05-29T13:58:53 IST" name="launchURL" finished-at="2024-05-29T13:58:54 IST" duration-ms="148" status="PASS">
          <reporter-output>
          </reporter-output>
        </test-method> <!-- launchURL -->
        <test-method signature="TestCase01(java.lang.String,java.lang.String)[pri:0, instance:qtriptest.tests.testCase_01@201a4587]" started-at="2024-05-29T13:58:54 IST" name="TestCase01" data-provider="getdata" finished-at="2024-05-29T13:58:59 IST" duration-ms="5439" status="PASS">
          <params>
            <param index="0">
              <value>
                <![CDATA[TESTUSER@gmail.com]]>
              </value>
            </param>
            <param index="1">
              <value>
                <![CDATA[123456.0]]>
              </value>
            </param>
          </params>
          <reporter-output>
          </reporter-output>
        </test-method> <!-- TestCase01 -->
        <test-method is-config="true" signature="launchURL()[pri:0, instance:qtriptest.tests.testCase_01@201a4587]" started-at="2024-05-29T13:58:59 IST" name="launchURL" finished-at="2024-05-29T13:58:59 IST" duration-ms="152" status="PASS">
          <reporter-output>
          </reporter-output>
        </test-method> <!-- launchURL -->
        <test-method signature="TestCase01(java.lang.String,java.lang.String)[pri:0, instance:qtriptest.tests.testCase_01@201a4587]" started-at="2024-05-29T13:58:59 IST" name="TestCase01" data-provider="getdata" finished-at="2024-05-29T13:59:04 IST" duration-ms="5290" status="PASS">
          <params>
            <param index="0">
              <value>
                <![CDATA[123_USER_low@gmail.com]]>
              </value>
            </param>
            <param index="1">
              <value>
                <![CDATA[QWERTY!!!!]]>
              </value>
            </param>
          </params>
          <reporter-output>
          </reporter-output>
        </test-method> <!-- TestCase01 -->
      </class> <!-- qtriptest.tests.testCase_01 -->
    </test> <!-- Gradle test -->
  </suite> <!-- Gradle suite -->
</testng-results>
